// Jest Snapshot v1, https://goo.gl/fbAQLP

exports[`<TextField /> renders with error 1`] = `
.c5 {
  display: inline-block;
  vertical-align: middle;
  overflow: hidden;
}

.c4 {
  display: -webkit-box;
  display: -webkit-flex;
  display: -ms-flexbox;
  display: flex;
  background: #EAEAEA;
  border-radius: 0.2rem;
  padding: 0 1.6rem;
  border: 0.2rem solid;
  border-color: #EAEAEA;
  -webkit-align-items: center;
  -webkit-box-align: center;
  -ms-flex-align: center;
  align-items: center;
  -webkit-flex-direction: row;
  -ms-flex-direction: row;
  flex-direction: row;
}

.c4:focus-within {
  box-shadow: 0 0 0.5rem #F231A5;
}

.c4 svg {
  width: 2.2rem;
  fill: #8F8F8F;
}

.c6 {
  color: #030517;
  font-family: Poppins,-apple-system,BlinkMacSystemFont,'Segoe UI',Roboto,Oxygen,Ubuntu,Cantarell,'Open Sans','Helvetica Neue',sans-serif;
  font-size: 1.6rem;
  padding: 0.8rem 0;
  padding-left: 0.8rem;
  background: transparent;
  border: 0;
  outline: none;
  width: 100%;
}

.c6::-webkit-input-placeholder {
  color: #8F8F8F;
}

.c6::-moz-placeholder {
  color: #8F8F8F;
}

.c6:-ms-input-placeholder {
  color: #8F8F8F;
}

.c6::placeholder {
  color: #8F8F8F;
}

.c2 {
  font-size: 1.4rem;
  color: #030517;
}

.c0 .c3 {
  border: 1px solid #FF6347;
}

.c0 .c1 {
  color: #FF6347;
}

.c0 svg {
  fill: #FF6347;
}

.c7 {
  color: #FF6347;
  font-size: 1.2rem;
}

<div
  class="c0"
>
  <label
    class="c1 c2"
    for="TextField"
  >
    TextField
  </label>
  <div
    class="c3 c4"
  >
    <svg
      aria-hidden="true"
      class="c5"
      data-testid="icon"
      fill="currentColor"
      focusable="false"
      viewBox="0 0 24 24"
      xmlns="http://www.w3.org/2000/svg"
    >
      <path
        d="M0 0h24v24H0V0z"
        fill="none"
      />
      <path
        d="M20 4H4c-1.1 0-1.99.9-1.99 2L2 18c0 1.1.9 2 2 2h16c1.1 0 2-.9 2-2V6c0-1.1-.9-2-2-2zm0 14H4V8l8 5 8-5v10zm-8-7L4 6h16l-8 5z"
      />
    </svg>
    <input
      class="c6"
      type="text"
      value=""
    />
  </div>
  <p
    class="c7"
  >
    Error message
  </p>
</div>
`;
